------------------------------------------------------------
Timing Analyzer Summary
------------------------------------------------------------

Type  : Slow 1200mV 85C Model Setup 'CLOCK_50'
Slack : -4.499
TNS   : -84.069

Type  : Slow 1200mV 85C Model Setup 'FreqDivider:freq|clkOut'
Slack : -2.985
TNS   : -22.240

Type  : Slow 1200mV 85C Model Hold 'CLOCK_50'
Slack : 0.641
TNS   : 0.000

Type  : Slow 1200mV 85C Model Hold 'FreqDivider:freq|clkOut'
Slack : 1.614
TNS   : 0.000

Type  : Slow 1200mV 85C Model Minimum Pulse Width 'CLOCK_50'
Slack : -3.000
TNS   : -35.125

Type  : Slow 1200mV 85C Model Minimum Pulse Width 'FreqDivider:freq|clkOut'
Slack : -1.285
TNS   : -10.280

Type  : Slow 1200mV 0C Model Setup 'CLOCK_50'
Slack : -4.080
TNS   : -74.978

Type  : Slow 1200mV 0C Model Setup 'FreqDivider:freq|clkOut'
Slack : -2.701
TNS   : -19.890

Type  : Slow 1200mV 0C Model Hold 'CLOCK_50'
Slack : 0.587
TNS   : 0.000

Type  : Slow 1200mV 0C Model Hold 'FreqDivider:freq|clkOut'
Slack : 1.466
TNS   : 0.000

Type  : Slow 1200mV 0C Model Minimum Pulse Width 'CLOCK_50'
Slack : -3.000
TNS   : -35.125

Type  : Slow 1200mV 0C Model Minimum Pulse Width 'FreqDivider:freq|clkOut'
Slack : -1.285
TNS   : -10.280

Type  : Fast 1200mV 0C Model Setup 'CLOCK_50'
Slack : -1.640
TNS   : -26.218

Type  : Fast 1200mV 0C Model Setup 'FreqDivider:freq|clkOut'
Slack : -0.948
TNS   : -6.887

Type  : Fast 1200mV 0C Model Hold 'CLOCK_50'
Slack : 0.292
TNS   : 0.000

Type  : Fast 1200mV 0C Model Hold 'FreqDivider:freq|clkOut'
Slack : 0.722
TNS   : 0.000

Type  : Fast 1200mV 0C Model Minimum Pulse Width 'CLOCK_50'
Slack : -3.000
TNS   : -29.528

Type  : Fast 1200mV 0C Model Minimum Pulse Width 'FreqDivider:freq|clkOut'
Slack : -1.000
TNS   : -8.000

------------------------------------------------------------
